=== 测试股票003816的信息获取 ===

1. 测试获取股票信息:
efinance获取A股股票信息失败 (003816): HTTPConnectionPool(host='push2.eastmoney.com', port=80): Max retries exceeded with url: /api/qt/clist/get?pn=1&pz=200&po=1&np=1&fltt=2&invt=2&fid=f12&fs=m%3A0+t%3A6%2Cm%3A0+t%3A80%2Cm%3A1+t%3A2%2Cm%3A1+t%3A23%2Cm%3A0+t%3A81+s%3A2048&fields=f12%2Cf14%2Cf3%2Cf2%2Cf15%2Cf16%2Cf17%2Cf4%2Cf8%2Cf10%2Cf9%2Cf5%2Cf6%2Cf18%2Cf20%2Cf21%2Cf13%2Cf124%2Cf297 (Caused by ProtocolError('Connection aborted.', RemoteDisconnected('Remote end closed connection without response')))
   股票信息: None

2. 测试获取当前价格:
[DEBUG] DataProvider.get_current_price(003816) 被调用
[DEBUG] 003816 是A股股票，调用 _get_a_stock_price
[DEBUG] 尝试使用baostock获取 003816 的价格...
login success!
[DEBUG] baostock登录结果: 0, success
[DEBUG] 查询日期范围: 2026-02-07 到 2026-02-12
[DEBUG] baostock代码: sz.003816
[DEBUG] baostock查询结果: 0, success
[DEBUG] baostock获取到 3 条数据
[DEBUG] baostock最新数据: ['2026-02-11', '3.9100', '3.9200', '3.8800', '3.8900', '78962472'], 收盘价: 3.89
logout success!
baostock获取到 003816 实时价格: 3.89
   当前价格: 3.89

3. 检查股票类型:
   是否为A股: True

4. 测试获取K线数据:
login success!
baostock成功获取K线数据 (003816): 271条
logout success!
   K线数据获取成功，共271条记录

=== 测试完成 ===
